_6: 1.4142157
_61: 1.4142157
_112: 1.4142157
_167: 1.4142157
_222: 1.4142157
_277: 120
_317: 720
_373: 3
_391: a | b | c | d | e | f | nil
_413: d
_451: 6
_466: c | b | a | nil
_501: 3
_522: c | b | a | nil
_539: 1 | 1 | 2 | 3 | 3 | 4 | 5 | 5 | 5 | 6 | 9 | nil
_915: 1 | 1 | 2 | 3 | 3 | 4 | 5 | 5 | 5 | 6 | 9 | nil
_1425: a | b | c | d | e | f | nil
_1546: a | b | c | d | e | f | nil
_1713: a | b | c | d | e | f | nil
_1805: a | b | c | d | e | f | nil
_1926: peter
_1942: paul
_1955: mary
_2058: 10 # ten
_2099: 5 # five
_2129: 15 # fifteen
_2151: 2 # two
_2190: true # -1.0 # -2.0
_2213: true # -1.0 # -2.0

Execution Statistics:
  - Statements executed:  6086
  - Store size (SAS):     1935 entries
